// Jest Snapshot v1, https://goo.gl/fbAQLP

exports[`PropRender.vue exists 1`] = `
<div>
  <div>
    col1: Column 1
  </div>
  <div>
    col2: ,
  </div>
  <div>
    col3:
    <div class="pl-3">
      col4: Col 4
    </div>
  </div>
</div>
`;
