// Jest Snapshot v1, https://goo.gl/fbAQLP

exports[`Datetimefilter.vue matches the snapshot 1`] = `
<div
  class="input-group flex-nowrap"
  label="Datetime"
  name="datetime"
  role="group"
>
  <!---->
  <div
    class="vue-daterange-picker flex-grow-1"
    data-v-267f4ee2=""
  >
    <div
      class="form-control reportrange-text"
      data-v-267f4ee2=""
    >
      
      Select...
    
    </div>
    <transition-stub
      data-v-267f4ee2=""
      mode="out-in"
      name="slide-fade"
    >
      <!---->
    </transition-stub>
  </div>
   
  <div
    class="input-group-append"
  >
    <button
      class="btn t-btn-clear btn-outline-secondary"
      type="button"
    >
      <svg
        aria-hidden="true"
        class="svg-inline--fa fa-times fa-w-11"
        data-icon="times"
        data-prefix="fas"
        focusable="false"
        role="img"
        viewBox="0 0 352 512"
        xmlns="http://www.w3.org/2000/svg"
      >
        <path
          class=""
          d="M242.72 256l100.07-100.07c12.28-12.28 12.28-32.19 0-44.48l-22.24-22.24c-12.28-12.28-32.19-12.28-44.48 0L176 189.28 75.93 89.21c-12.28-12.28-32.19-12.28-44.48 0L9.21 111.45c-12.28 12.28-12.28 32.19 0 44.48L109.28 256 9.21 356.07c-12.28 12.28-12.28 32.19 0 44.48l22.24 22.24c12.28 12.28 32.2 12.28 44.48 0L176 322.72l100.07 100.07c12.28 12.28 32.2 12.28 44.48 0l22.24-22.24c12.28-12.28 12.28-32.19 0-44.48L242.72 256z"
          fill="currentColor"
        />
      </svg>
    </button>
  </div>
  <!---->
</div>
`;
