// Jest Snapshot v1, https://goo.gl/fbAQLP

exports[`NumberFilter.vue matches the snapshot 1`] = `
<div
  label="label"
  name="name"
>
  <div
    class="input-group"
    role="group"
  >
    <!---->
    <input
      class="form-control"
      id="__BVID__4"
      max="9007199254740991"
      min="-9007199254740991"
      step="1"
      type="number"
    />
    <!---->
  </div>
   
  <!---->
</div>
`;
