// Jest Snapshot v1, https://goo.gl/fbAQLP

exports[`FilterContainer.vue matches the snapshot 1`] = `
<div
  class="filter-container"
>
  <transition-stub
    css="true"
    enteractiveclass="collapsing"
    enterclass=""
    entertoclass="collapse show"
    leaveactiveclass="collapsing"
    leaveclass="collapse show"
    leavetoclass="collapse"
  >
    <div
      class="collapse"
      id="mobile-button-toggle"
      style="display: none;"
    >
      <button
        class="btn w-100 my-2 btn-outline-secondary"
      >
        
      Show filters
    
      </button>
    </div>
  </transition-stub>
   
  <transition-stub
    css="true"
    enteractiveclass="collapsing"
    enterclass=""
    entertoclass="collapse show"
    leaveactiveclass="collapsing"
    leaveclass="collapse show"
    leavetoclass="collapse"
  >
    <div
      class="collapse show"
      id="mobile-toggle"
    >
      <div
        class=""
      >
        <transition-group-stub>
          <div
            class="card filter-card mb-2"
            placeholder="placeholder"
            type="string-filter"
          >
            <!---->
            <!---->
            <div
              class="card-header drag-handle collapsable"
            >
              <div
                class="title mr-3 px-1"
                title="String"
              >
                <svg
                  aria-hidden="true"
                  class="mr-2 svg-inline--fa fa-caret-right fa-w-6"
                  data-icon="caret-right"
                  data-prefix="fas"
                  focusable="false"
                  role="img"
                  style="transform: rotate(90deg); transition: transform 0.2s;"
                  viewBox="0 0 192 512"
                  xmlns="http://www.w3.org/2000/svg"
                >
                  <path
                    class=""
                    d="M0 384.662V127.338c0-17.818 21.543-26.741 34.142-14.142l128.662 128.662c7.81 7.81 7.81 20.474 0 28.284L34.142 398.804C21.543 411.404 0 402.48 0 384.662z"
                    fill="currentColor"
                  />
                </svg>
                
      String
      
                <!---->
              </div>
            </div>
             
            <transition-stub
              css="true"
              enteractiveclass="collapsing"
              enterclass=""
              entertoclass="collapse show"
              leaveactiveclass="collapsing"
              leaveclass="collapse show"
              leavetoclass="collapse"
            >
              <div
                class="collapse show"
                id="string"
              >
                <div
                  class="card-body"
                >
                  <!---->
                  <!---->
                  <fieldset
                    aria-describedby="__BVID__13__BV_description_"
                    class="form-group"
                    id="__BVID__13"
                  >
                    <!---->
                    <div
                      class="bv-no-focus-ring"
                      role="group"
                      tabindex="-1"
                    >
                      <div
                        class="input-group"
                        collapsable="true"
                        description="search by string"
                        label="String"
                        role="group"
                        type="string-filter"
                      >
                        <!---->
                        <input
                          class="form-control"
                          id="__BVID__15"
                          name="string"
                          placeholder="placeholder"
                          type="text"
                        />
                         
                        <div
                          class="input-group-append"
                        >
                          <button
                            class="btn btn-outline-secondary"
                            type="button"
                          >
                            <svg
                              aria-hidden="true"
                              class="svg-inline--fa fa-times fa-w-11"
                              data-icon="times"
                              data-prefix="fas"
                              focusable="false"
                              role="img"
                              viewBox="0 0 352 512"
                              xmlns="http://www.w3.org/2000/svg"
                            >
                              <path
                                class=""
                                d="M242.72 256l100.07-100.07c12.28-12.28 12.28-32.19 0-44.48l-22.24-22.24c-12.28-12.28-32.19-12.28-44.48 0L176 189.28 75.93 89.21c-12.28-12.28-32.19-12.28-44.48 0L9.21 111.45c-12.28 12.28-12.28 32.19 0 44.48L109.28 256 9.21 356.07c-12.28 12.28-12.28 32.19 0 44.48l22.24 22.24c12.28 12.28 32.2 12.28 44.48 0L176 322.72l100.07 100.07c12.28 12.28 32.2 12.28 44.48 0l22.24-22.24c12.28-12.28 12.28-32.19 0-44.48L242.72 256z"
                                fill="currentColor"
                              />
                            </svg>
                          </button>
                        </div>
                        <!---->
                      </div>
                      <!---->
                      <!---->
                      <small
                        class="form-text text-muted"
                        id="__BVID__13__BV_description_"
                        tabindex="-1"
                      >
                        search by string
                      </small>
                    </div>
                  </fieldset>
                </div>
              </div>
            </transition-stub>
            <!---->
            <!---->
          </div>
          <div
            bulkoperation="true"
            class="card filter-card mb-2"
            maxvisibleoptions="1"
            options="() => {
    return new Promise(function (resolve) {
      resolve(colorOptions);
    });
  }"
            type="checkbox-filter"
          >
            <!---->
            <!---->
            <div
              class="card-header drag-handle collapsable"
            >
              <div
                class="title mr-3 px-1"
                title="Checkbox"
              >
                <svg
                  aria-hidden="true"
                  class="mr-2 svg-inline--fa fa-caret-right fa-w-6"
                  data-icon="caret-right"
                  data-prefix="fas"
                  focusable="false"
                  role="img"
                  style="transform: rotate(90deg); transition: transform 0.2s;"
                  viewBox="0 0 192 512"
                  xmlns="http://www.w3.org/2000/svg"
                >
                  <path
                    class=""
                    d="M0 384.662V127.338c0-17.818 21.543-26.741 34.142-14.142l128.662 128.662c7.81 7.81 7.81 20.474 0 28.284L34.142 398.804C21.543 411.404 0 402.48 0 384.662z"
                    fill="currentColor"
                  />
                </svg>
                
      Checkbox
      
                <!---->
              </div>
            </div>
             
            <transition-stub
              css="true"
              enteractiveclass="collapsing"
              enterclass=""
              entertoclass="collapse show"
              leaveactiveclass="collapsing"
              leaveclass="collapse show"
              leavetoclass="collapse"
            >
              <div
                class="collapse show"
                id="checkbox"
              >
                <div
                  class="card-body"
                >
                  <!---->
                  <!---->
                  <fieldset
                    class="form-group"
                    id="__BVID__19"
                  >
                    <!---->
                    <div
                      class="bv-no-focus-ring"
                      role="group"
                      tabindex="-1"
                    >
                      <div
                        label="Checkbox"
                        name="checkbox"
                        type="checkbox-filter"
                      >
                        <div
                          class="bv-no-focus-ring"
                          id="__BVID__21"
                          role="group"
                          tabindex="-1"
                        >
                          <div
                            class="custom-control custom-checkbox"
                          >
                            <input
                              class="custom-control-input"
                              id="__BVID__21_BV_option_0"
                              name="__BVID__21"
                              type="checkbox"
                              value="red"
                            />
                            <label
                              class="custom-control-label"
                              for="__BVID__21_BV_option_0"
                            >
                              <span>
                                Red
                              </span>
                            </label>
                          </div>
                        </div>
                         
                        <span>
                          <a
                            class="toggle-slice card-link"
                            href="#"
                            target="_self"
                          >
                            
      Show 6 more
    
                          </a>
                           
                          <a
                            class="toggle-select card-link"
                            href="#"
                            target="_self"
                          >
                            
      Deselect all
    
                          </a>
                        </span>
                      </div>
                      <!---->
                      <!---->
                      <!---->
                    </div>
                  </fieldset>
                </div>
              </div>
            </transition-stub>
            <!---->
            <!---->
          </div>
        </transition-group-stub>
      </div>
       
      <!---->
    </div>
  </transition-stub>
</div>
`;
