// Jest Snapshot v1, https://goo.gl/fbAQLP

exports[`EditDetailTemplate.vue should render the editor 1`] = `
<div id="entity-detail-container" class="mg-mainview">
  <div class="ml-2">
    <nav aria-label="breadcrumb">
      <ol class="breadcrumb">
        <li aria-current="page" class="breadcrumb-item">
          <router-link-stub id="headItemTooltipId" to="[object Object]">
            <b-tooltip-stub placement="bottom" target="headItemTooltipId" triggers="hover">
              my description
            </b-tooltip-stub>
            my label
          </router-link-stub>
        </li>
        <li aria-current="page" class="breadcrumb-item"><span>
            abc-123
          </span></li>
      </ol>
    </nav>
    <h1>
      Template editor
    </h1>
    <div class="my-3">
      <b-card-stub no-body="">
        <b-tabs-stub pills="" card="" vertical="">
          <b-tab-stub title="Record properties" active="" class="property-tab"><em class="font-weight-light">Example usage: record.id</em>
            <prop-render-stub object="[object Object]" class="template-values mt-2"></prop-render-stub>
          </b-tab-stub>
          <b-tab-stub title="Metadata properties" class="property-tab"><em class="font-weight-light">Example usage: metaData.id</em>
            <prop-render-stub object="[object Object]" class="template-values mt-2"></prop-render-stub>
          </b-tab-stub>
          <b-tab-stub title="Components" class="property-tab">
            <table class="table table-striped">
              <thead>
                <th>
                  Component:
                </th>
                <th>Code:</th>
              </thead>
              <tbody>
                <tr>
                  <td>Shoppingcart Button</td>
                  <td>&lt;shopping-cart-button :id="record.id" /&gt;</td>
                </tr>
              </tbody>
            </table>
          </b-tab-stub>
          <b-tab-stub title="Editor options"><button class="btn btn-outline-primary">
              Set Landscape
            </button></b-tab-stub>
        </b-tabs-stub>
      </b-card-stub>
    </div>
    <div class="d-flex w-100 flex-wrap">
      <div class="mr-3 mt-3 w-50"><span class="font-weight-bold mb-1">Template</span>
        <form-component-stub id="template" formfields="[object Object]" initialformdata="[object Object]" formstate="[object Object]" options="[object Object]" class="border-top"></form-component-stub> <button type="submit" class="btn btn-primary mb-2 ml-2">
          Save template
          <!---->
        </button>
      </div>
      <div class="preview-container mt-3 ml-auto"><span class="font-weight-bold mb-1">Preview</span>
        <div class="template-preview border">
          <custom-entity-detail-stub record="[object Object]" metadata="[object Object]" template="<h1>I m not a template</h1>"></custom-entity-detail-stub>
        </div>
      </div>
    </div>
  </div>
</div>
`;
