// Jest Snapshot v1, https://goo.gl/fbAQLP

exports[`EntityDetail.vue exists 1`] = `
<div id="entity-detail-container" class="mg-mainview">
  <div class="container-fluid">
    <nav aria-label="breadcrumb">
      <ol class="breadcrumb">
        <li aria-current="page" class="breadcrumb-item">
          <router-link-stub id="headItemTooltipID" to="[object Object]">
            <b-tooltip-stub placement="bottom" target="headItemTooltipID" triggers="hover">
              my-entity-desc
            </b-tooltip-stub>
            my-entity-label
          </router-link-stub>
        </li>
        <li aria-current="page" class="breadcrumb-item"><span>
             abc-123
          </span></li>
      </ol>
    </nav>
  </div>
  <div role="group" aria-label="row actions group" class="btn-group float-right pr-3 mr-3">
    <router-link-stub title="dataexplorer_add_entity_btn_tooltip" to="[object Object]" class="btn btn-outline-secondary">
      <font-awesome-icon-stub icon="plus-square"></font-awesome-icon-stub>
    </router-link-stub>
    <router-link-stub title="dataexplorer_row_action_edit_btn_tooltip" to="[object Object]" class="btn btn-outline-secondary">
      <font-awesome-icon-stub icon="edit"></font-awesome-icon-stub>
    </router-link-stub> <button role="button" title="dataexplorer_row_action_delete_btn_tooltip" class="btn btn-outline-secondary delete-btn">
      <font-awesome-icon-stub icon="trash"></font-awesome-icon-stub>
    </button>
  </div>
  <ul class="list-group list-group-flush">
    <li class="list-group-item">
      <h5>id</h5>
      <p>abc-123</p>
    </li>
    <li class="list-group-item">
      <h5>key1</h5>
      <p>val1</p>
    </li>
    <li class="list-group-item">
      <h5>key2</h5>
      ,
    </li>
    <li class="list-group-item">
      <h5>key3</h5>
      <ul class="list-group list-group-flush">
        <li class="list-group-item">
          <h5>key4</h5>
          <p>val</p>
        </li>
      </ul>
    </li>
  </ul>
</div>
`;
