// Jest Snapshot v1, https://goo.gl/fbAQLP

exports[`FileDisplay.vue should display the file and download link 1`] = `
<div class="text-nowrap text-truncate mouse-ref"><a href="details">
    label
  </a> <a href="http://some/files/file-id" class="ml-1">
    <font-awesome-icon-stub icon="download"></font-awesome-icon-stub>
  </a>
  <b-modal-stub id="id" title="File details" hide-footer="">
    <dl class="row">
      <dt class="col-sm-3">
        dataexplorer_file_modal_name_label
      </dt>
      <dd class="col-sm-9">
        file-name
      </dd>
      <dt class="col-sm-3">
        dataexplorer_file_modal_content_type_label
      </dt>
      <dd class="col-sm-9">
        content-type
      </dd>
      <dt class="col-sm-3">
        dataexplorer_file_modal_size_label
      </dt>
      <dd class="col-sm-9">
        1024 byte
      </dd>
      <dt class="col-sm-3">
        dataexplorer_file_modal_url_label
      </dt>
      <dd class="col-sm-9"><a href="http://some/files/file-id">http://some/files/file-id</a></dd>
    </dl>
  </b-modal-stub>
</div>
`;
